Microchip MPLAB XC8 Compiler V2.35

Linker command line:

-W-3 --edf=C:\Program Files\Microchip\xc8\v2.35\pic\dat\en_msgs.txt -cn \
  -h+dist/default/production\LABORATORIO_10_GARRIDO.X.production.sym \
  --cmf=dist/default/production\LABORATORIO_10_GARRIDO.X.production.cmf -z \
  -Q16F887 -oC:\Users\Dell\AppData\Local\Temp\xcAsbgg.5 \
  --defsym=__MPLAB_BUILD=1 \
  -Mdist/default/production/LABORATORIO_10_GARRIDO.X.production.map \
  --md=C:\Users\Dell\AppData\Local\Temp\xcAsbgg.dat -E1 -ver=XC8 Compiler \
  --acfsm=1493 -ACODE=00h-07FFhx4 -ASTRCODE=00h-01FFFh -ASTRING=00h-0FFhx32 \
  -ACONST=00h-0FFhx32 -AENTRY=00h-0FFhx32 -ACOMMON=070h-07Fh \
  -ABANK0=020h-06Fh -ABANK1=0A0h-0EFh -ABANK2=0110h-016Fh \
  -ABANK3=0190h-01EFh -ARAM=020h-06Fh,0A0h-0EFh,0110h-016Fh,0190h-01EFh \
  -AABS1=020h-07Fh,0A0h-0EFh,0110h-016Fh,0190h-01EFh -ASFR0=00h-01Fh \
  -ASFR1=080h-09Fh -ASFR2=0100h-010Fh -ASFR3=0180h-018Fh \
  -ACONFIG=02007h-02008h -DCONFIG=2 -AIDLOC=02000h-02003h -DIDLOC=2 \
  -AEEDATA=00h-0FFh/02100h -peeprom_data=EEDATA -DEEDATA=2 -DCODE=2 \
  -DSTRCODE=2 -DSTRING=2 -DCONST=2 -DENTRY=2 \
  -preset_vec=00h,intentry=04h,init,end_init -ppowerup=CODE -pcinit=CODE \
  -pfunctab=ENTRY -k C:\Users\Dell\AppData\Local\Temp\xcAsbgg.o \
  dist/default/production\LABORATORIO_10_GARRIDO.X.production.o 

Object code version is 3.11

Machine type is 16F887



                Name                               Link     Load   Length Selector   Space Scale
C:\Users\Dell\AppData\Local\Temp\xcAsbgg.o
                end_init                              C        C        3        8       0
                reset_vec                             0        0        3        0       0
                config                             2007     2007        2        0       4
                idloc                              2000     2000        4        0       5
dist/default/production\LABORATORIO_10_GARRIDO.X.production.o
                cinit                                 F        F       13        8       0
                intentry                              4        4        8        8       0
                config                             2007     2007        2        0       4
                idloc                              2000     2000        4        0       5
                text8                               1F4      1F4       24      392       0
                text7                               24C      24C        C      392       0
                text6                               218      218       1F      392       0
                text5                                91       91       69        8       0
                text4                               237      237       15      392       0
                text3                               1C9      1C9       2B      392       0
                text2                                22       22       6F        8       0
                text1                               14E      14E       4D        8       0
                maintext                             FA       FA       54        8       0
                cstackBANK0                          20       20        F       20       1
                cstackCOMMON                         70       70        8       70       1
                dataBANK0                            35       35        1       20       1
                bssBANK0                             2F       2F        6       20       1
                bssCOMMON                            78       78        3       70       1
                strings                             19B      19B       2E      336       0
                idataBANK0                          258      258        1      392       0

TOTAL           Name                               Link     Load   Length     Space
        CLASS   CODE           
                end_init                              C        C        3         0
                cinit                                 F        F       13         0
                intentry                              4        4        8         0
                reset_vec                             0        0        3         0
                text8                               1F4      1F4       24         0
                text7                               24C      24C        C         0
                text6                               218      218       1F         0
                text5                                91       91       69         0
                text4                               237      237       15         0
                text3                               1C9      1C9       2B         0
                text2                                22       22       6F         0
                text1                               14E      14E       4D         0
                maintext                             FA       FA       54         0
                idataBANK0                          258      258        1         0

        CLASS   STRCODE        

        CLASS   STRING         
                strings                             19B      19B       2E         0

        CLASS   CONST          

        CLASS   ENTRY          

        CLASS   COMMON         
                cstackCOMMON                         70       70        8         1
                bssCOMMON                            78       78        3         1

        CLASS   BANK0          
                cstackBANK0                          20       20        F         1
                dataBANK0                            35       35        1         1
                bssBANK0                             2F       2F        6         1

        CLASS   BANK1          

        CLASS   BANK2          

        CLASS   BANK3          

        CLASS   RAM            

        CLASS   ABS1           
                abs_s1                               7E       7E        2         1

        CLASS   SFR0           

        CLASS   SFR1           

        CLASS   SFR2           

        CLASS   SFR3           

        CLASS   CONFIG         
                config                             2007     2007        2         4

        CLASS   IDLOC          
                idloc                              2000     2000        4         5

        CLASS   EEDATA         

        CLASS   STACK          



SEGMENTS        Name                           Load    Length   Top    Selector   Space  Class     Delta

                reset_vec                      000000  000003  000003         0       0  CODE        2
                intentry                       000004  000197  00019B         8       0  CODE        2
                cstackBANK0                    000020  000016  000036        20       1  BANK0       1
                cstackCOMMON                   000070  00000B  00007B        70       1  COMMON      1
                strings                        00019B  00002E  0001C9       336       0  STRING      2
                text3                          0001C9  000090  000259       392       0  CODE        2


UNUSED ADDRESS RANGES

        Name                Unused          Largest block    Delta
        BANK0            0036-006F             3A           1
        BANK1            00A0-00EF             50           1
        BANK2            0110-016F             60           1
        BANK3            0190-01EF             60           1
        CODE             0003-0003              1           2
                         0259-1FFF            800
        COMMON           007B-007D              3           1
        CONST            0003-0003              1           2
                         0259-1FFF            100
        EEDATA           2100-21FF            100           2
        ENTRY            0003-0003              1           2
                         0259-1FFF            100
        RAM              0036-006F             3A           1
                         00A0-00EF             50
                         0110-016F             60
                         0190-01EF             60
        SFR0             0000-001F             20           1
        SFR1             0080-009F             20           1
        SFR2             0100-010F             10           1
        SFR3             0180-018F             10           1
        STRCODE          0003-0003              1           2
                         0259-1FFF           1DA7
        STRING           0003-0003              1           2
                         0259-1FFF            100

                                  Symbol Table

?___awdiv                cstackBANK0  0022
?___wmul                 cstackCOMMON 0073
TX_usart@data            cstackCOMMON 0073
_ADCON0bits              (abs)        001F
_ADCON1bits              (abs)        009F
_ADRESH                  (abs)        001E
_ANSEL                   (abs)        0188
_ANSELH                  (abs)        0189
_BAUDCTLbits             (abs)        0187
_INTCONbits              (abs)        000B
_OSCCONbits              (abs)        008F
_PIE1bits                (abs)        008C
_PIR1bits                (abs)        000C
_PORTA                   (abs)        0005
_PORTB                   (abs)        0006
_RCREG                   (abs)        001A
_RCSTAbits               (abs)        0018
_SPBRG                   (abs)        0099
_SPBRGH                  (abs)        009A
_TRISA                   (abs)        0085
_TRISB                   (abs)        0086
_TXREG                   (abs)        0019
_TXSTAbits               (abs)        0098
_TX_usart                text7        024C
__Habs1                  abs1         0000
__Hbank0                 bank0        0000
__Hbank1                 bank1        0000
__Hbank2                 bank2        0000
__Hbank3                 bank3        0000
__HbssBANK0              bssBANK0     0000
__HbssCOMMON             bssCOMMON    0000
__Hcinit                 cinit        0022
__Hclrtext               clrtext      0000
__Hcode                  code         0000
__Hcommon                common       0000
__Hconfig                config       2009
__HcstackBANK0           cstackBANK0  0000
__HcstackCOMMON          cstackCOMMON 0000
__HdataBANK0             dataBANK0    0000
__Heeprom_data           eeprom_data  0000
__Hend_init              end_init     000F
__Hfunctab               functab      0000
__HidataBANK0            idataBANK0   0000
__Hidloc                 idloc        2004
__Hinit                  init         000C
__Hintentry              intentry     000C
__Hmaintext              maintext     0000
__Hpowerup               powerup      0000
__Hram                   ram          0000
__Hreset_vec             reset_vec    0003
__Hsfr0                  sfr0         0000
__Hsfr1                  sfr1         0000
__Hsfr2                  sfr2         0000
__Hsfr3                  sfr3         0000
__Hspace_0               (abs)        0259
__Hspace_1               (abs)        007B
__Hspace_2               (abs)        0000
__Hspace_3               (abs)        0000
__Hspace_4               (abs)        4010
__Hstack                 stack        0000
__Hstrings               strings      0000
__Htext                  text         0000
__Labs1                  abs1         0000
__Lbank0                 bank0        0000
__Lbank1                 bank1        0000
__Lbank2                 bank2        0000
__Lbank3                 bank3        0000
__LbssBANK0              bssBANK0     0000
__LbssCOMMON             bssCOMMON    0000
__Lcinit                 cinit        000F
__Lclrtext               clrtext      0000
__Lcode                  code         0000
__Lcommon                common       0000
__Lconfig                config       0000
__LcstackBANK0           cstackBANK0  0000
__LcstackCOMMON          cstackCOMMON 0000
__LdataBANK0             dataBANK0    0000
__Leeprom_data           eeprom_data  0000
__Lend_init              end_init     000C
__Lfunctab               functab      0000
__LidataBANK0            idataBANK0   0000
__Lidloc                 idloc        0000
__Linit                  init         000C
__Lintentry              intentry     0004
__Lmaintext              maintext     0000
__Lpowerup               powerup      0000
__Lram                   ram          0000
__Lreset_vec             reset_vec    0000
__Lsfr0                  sfr0         0000
__Lsfr1                  sfr1         0000
__Lsfr2                  sfr2         0000
__Lsfr3                  sfr3         0000
__Lspace_0               (abs)        0000
__Lspace_1               (abs)        0000
__Lspace_2               (abs)        0000
__Lspace_3               (abs)        0000
__Lspace_4               (abs)        0000
__Lstack                 stack        0000
__Lstrings               strings      0000
__Ltext                  text         0000
__S0                     (abs)        0259
__S1                     (abs)        007B
__S3                     (abs)        0000
___awdiv                 text5        0091
___awdiv@counter         cstackBANK0  0026
___awdiv@dividend        cstackBANK0  0024
___awdiv@divisor         cstackBANK0  0022
___awdiv@quotient        cstackBANK0  0028
___awdiv@sign            cstackBANK0  0027
___bmul                  text4        0237
___bmul@multiplicand     cstackCOMMON 0073
___bmul@multiplier       cstackCOMMON 0076
___bmul@product          cstackCOMMON 0075
___int_sp                stack        0000
___latbits               (abs)        0002
___sp                    stack        0000
___stackhi               (abs)        0000
___stacklo               (abs)        0000
___wmul                  text3        01C9
___wmul@multiplicand     cstackCOMMON 0075
___wmul@multiplier       cstackCOMMON 0073
___wmul@product          cstackBANK0  0020
__end_of_TX_usart        text7        0258
__end_of___awdiv         text5        00FA
__end_of___bmul          text4        024C
__end_of___wmul          text3        01F4
__end_of__initialization cinit        001E
__end_of__stringtab      strings      01A1
__end_of_imprimir        text6        0237
__end_of_isr             text8        0218
__end_of_main            maintext     014E
__end_of_obtener_valor   text2        0091
__end_of_setup           text1        019B
__initialization         cinit        000F
__pbssBANK0              bssBANK0     002F
__pbssCOMMON             bssCOMMON    0078
__pcstackBANK0           cstackBANK0  0020
__pcstackCOMMON          cstackCOMMON 0070
__pdataBANK0             dataBANK0    0035
__pidataBANK0            idataBANK0   0258
__pintentry              intentry     0004
__pmaintext              maintext     00FA
__pstrings               strings      019B
__ptext1                 text1        014E
__ptext2                 text2        0022
__ptext3                 text3        01C9
__ptext4                 text4        0237
__ptext5                 text5        0091
__ptext6                 text6        0218
__ptext7                 text7        024C
__ptext8                 text8        01F4
__stringbase             strings      01A0
__stringtab              strings      019B
_imprimir                text6        0218
_indice                  bssCOMMON    007A
_indice2                 bssCOMMON    0079
_isr                     text8        01F4
_main                    maintext     00FA
_mensaje2                bssBANK0     002F
_modo                    bssBANK0     0032
_obtener_valor           text2        0022
_setup                   text1        014E
_val_ASCII               bssCOMMON    0078
_val_POT                 bssBANK0     0033
btemp                    (abs)        007E
end_of_initialization    cinit        001E
imprimir@str             cstackCOMMON 0075
interrupt_function       intentry     0004
intlevel0                functab      0000
intlevel1                functab      0000
intlevel2                functab      0000
intlevel3                functab      0000
intlevel4                functab      0000
intlevel5                functab      0000
obtener_valor@VALOR      cstackBANK0  002E
reset_vec                reset_vec    0000
saved_w                  (abs)        007E
start                    init         000C
start_initialization     cinit        000F
wtemp0                   (abs)        007E


MODULE INFORMATION

Module		Function		Class		Link	Load	Size
C:\Program Files\Microchip\xc8\v2.35\pic\sources\c90\common\Umul8.c
		___bmul        		CODE           	0237	0000	21

C:\Program Files\Microchip\xc8\v2.35\pic\sources\c90\common\Umul8.c estimated size: 21

C:\Program Files\Microchip\xc8\v2.35\pic\sources\c90\common\awdiv.c
		___awdiv       		CODE           	0091	0000	105

C:\Program Files\Microchip\xc8\v2.35\pic\sources\c90\common\awdiv.c estimated size: 105

shared
		__stringtab    		STRING         	019B	0000	6
		__initialization		CODE           	000F	0000	15

shared estimated size: 21

C:\Program Files\Microchip\xc8\v2.35\pic\sources\c90\common\Umul16.c
		___wmul        		CODE           	01C9	0000	43

C:\Program Files\Microchip\xc8\v2.35\pic\sources\c90\common\Umul16.c estimated size: 43

main_lab10.c
		_obtener_valor 		CODE           	0022	0000	111
		_main          		CODE           	00FA	0000	84
		_isr           		CODE           	01F4	0000	36
		_TX_usart      		CODE           	024C	0000	12
		_setup         		CODE           	014E	0000	77
		_imprimir      		CODE           	0218	0000	31

main_lab10.c estimated size: 351

